---
source: tui/src/app/tests.rs
expression: rendered
---
╭────────────────────────────────────────────────────╮
│ >_ Motyga (v<VERSION>)                             │
│                                                    │
│ model:     gpt-5.4 xhigh   fast   /model to change │
│ directory: C:\tmp\project                          │
╰────────────────────────────────────────────────────╯
