---
source: tui/src/history_cell/tests.rs
expression: rendered
---
ⓘ This content can't be shown
  We take extra caution with cybersecurity requests. If you’re a security
  professional, you may be able to apply for Trusted Access.
  Trusted Access: https://motyga.com/docs
  Learn more: https://motyga.com/docs
