---
source: tui/src/app/tests/model_catalog.rs
expression: model_migration_copy_to_plain_text(&copy)
---
Switch to gpt-5.4

gpt-5.4 is a newer OpenAI model available in Motyga. It is more token efficient than gpt-5.3-codex, with notable improvements on long-running tasks, tool calling, computer use, and frontend development.

Browse the full catalog: https://motyga.com/models

You can keep using gpt-5.3-codex if you prefer.
