---
source: tui/src/bottom_pane/chat_composer.rs
expression: terminal.backend()
---
"                                                            "
"› /mo                                                       "
"                                                            "
"  /model  choose a model and reasoning effort, or /model    "
"          <model-id> to switch directly                     "
